------------------------------------------------------------
Timing Analyzer Summary
------------------------------------------------------------

Type  : Slow 1100mV 85C Model Setup 'clk'
Slack : -10.860
TNS   : -99.065

Type  : Slow 1100mV 85C Model Hold 'clk'
Slack : 0.384
TNS   : 0.000

Type  : Slow 1100mV 85C Model Minimum Pulse Width 'clk'
Slack : -0.394
TNS   : -16.476

Type  : Slow 1100mV 0C Model Setup 'clk'
Slack : -10.959
TNS   : -97.226

Type  : Slow 1100mV 0C Model Hold 'clk'
Slack : 0.379
TNS   : 0.000

Type  : Slow 1100mV 0C Model Minimum Pulse Width 'clk'
Slack : -0.394
TNS   : -17.541

Type  : Fast 1100mV 85C Model Setup 'clk'
Slack : -5.557
TNS   : -44.039

Type  : Fast 1100mV 85C Model Hold 'clk'
Slack : 0.200
TNS   : 0.000

Type  : Fast 1100mV 85C Model Minimum Pulse Width 'clk'
Slack : -0.082
TNS   : -2.487

Type  : Fast 1100mV 0C Model Setup 'clk'
Slack : -4.987
TNS   : -37.876

Type  : Fast 1100mV 0C Model Hold 'clk'
Slack : 0.190
TNS   : 0.000

Type  : Fast 1100mV 0C Model Minimum Pulse Width 'clk'
Slack : -0.082
TNS   : -2.461

------------------------------------------------------------
